▲ Next.js 16.3.5 (Turbopack)
- Local:         http://localhost:3000
- Network:       http://192.168.0.2:3000
✓ Ready in 551ms
✓ Running next.config.ts took 47ms
Turbopack build encountered 1 error:
./src/app
Error: Could not find the Next.js package (next/package.json)
Resolved from: /app/src/app
Filesystem root used for resolution: /app

Possible causes:
  - node_modules is being reorganized by a concurrent install (e.g. pnpm adding a package with a `next` peer dependency). This is transient and should clear once the install completes.
  - node_modules/next was removed, renamed, or has a broken symlink.
  - The workspace root is incorrect — see turbopack.root in the Next.js config docs for how to configure it.
  - In a monorepo, the Next.js package may only exist in a directory above the closest directory containing a package manager lockfile. The workspace root is detected by locating the nearest package manager lockfile.
  - Next.js is installed globally rather than as a project dependency. This is not supported; install it locally.

Note: To ensure a hermetic build and a portable cache, files outside of the workspace root are not compiled.

https://nextjs.org/docs/app/api-reference/config/next-config-js/turbopack#root-directory


It looks like you're trying to use TypeScript but do not have the required package(s) installed.
Installing dependencies

If you are not trying to use TypeScript, please remove the tsconfig.json file from your package root (and any TypeScript files in your app and pages directories).


Installing devDependencies (npm):
- typescript
- @types/react
- @types/node

npm warn deprecated eslint@9.39.5: This version is no longer supported. Please see https://eslint.org/version-support for other options.

added 370 packages, and audited 371 packages in 26s

147 packages are looking for funding
  run `npm fund` for details

found 0 vulnerabilities


